// Vitest Snapshot v1, https://vitest.dev/guide/snapshot.html

exports[`scene frames are pixel-identical across refactors > dungeon: the guardian walks out of its portal and is struck (landscape) 1`] = `
{
  "calls": 185355,
  "sha256": "45a01be3d81cd2c90e42018296c4e751b18e64561b4744cc6bcf466ba476077d",
}
`;

exports[`scene frames are pixel-identical across refactors > reduce-motion road in portrait, with chrome above the band 1`] = `
{
  "calls": 625408,
  "sha256": "943348097a54ea0658ae8167a8da805b1ac4f9d9cd50ffa15c301cb5d030e109",
}
`;

exports[`scene frames are pixel-identical across refactors > road, mid-swing, with a strike, a catch and coins in flight (landscape, docked panel) 1`] = `
{
  "calls": 735185,
  "sha256": "89c855de6319d1c9b5e8428a653ab3e0147bf6e8a465d67a90146fad6045c753",
}
`;
